// Vitest Snapshot v1, https://vitest.dev/guide/snapshot.html

exports[`Home Page > renders Home Page 1`] = `
<div>
  <h1>
    Our First Test
  </h1>
</div>
`;
